// Jest Snapshot v1, https://goo.gl/fbAQLP

exports[`AcademicProfileCommentEventSchema should fail validation when missing fields are provided 1`] = `
Object {
  "commentType": [ValidatorError: Path \`commentType\` is required.],
  "createdBy": [ValidatorError: Path \`createdBy\` is required.],
  "project": [ValidatorError: Path \`project\` is required.],
  "text": [ValidatorError: Path \`text\` is required.],
}
`;
