// Jest Snapshot v1, https://goo.gl/fbAQLP

exports[`Cohort should create common core cohort for a given generation 1`] = `
Object {
  "__v": 0,
  "generation": 1,
  "name": "am",
  "organization": null,
  "program": "bc",
  "publicAdmission": false,
  "rubric": "2",
  "slug": "lim-2017-09-bc-core-am",
  "state": "inProgress",
  "track": "core",
}
`;
