// Jest Snapshot v1, https://goo.gl/fbAQLP

exports[`Project should be able to query projects latest version of each project 1`] = `
Array [
  Object {
    "__v": 0,
    "locale": "es-ES",
    "parserVersion": "1.1.1",
    "path": "projects/01-cipher",
    "prefix": 1,
    "repo": "Laboratoria/curricula-js",
    "rubric": "2",
    "skills": Object {},
    "slug": "cipher-1",
    "title": "Cifrado César",
    "track": "js",
    "version": "2.0.0",
  },
  Object {
    "__v": 0,
    "locale": "es-ES",
    "parserVersion": "1.1.1",
    "path": "projects/01-cipher",
    "prefix": 1,
    "repo": "Laboratoria/curricula-js",
    "rubric": "2",
    "skills": Object {},
    "slug": "cipher-2",
    "title": "Cifrado César",
    "track": "js",
    "version": "2.0.0",
  },
  Object {
    "__v": 0,
    "locale": "es-ES",
    "parserVersion": "1.1.1",
    "path": "projects/01-cipher",
    "prefix": 1,
    "repo": "Laboratoria/curricula-js",
    "rubric": "2",
    "skills": Object {},
    "slug": "cipher-3",
    "title": "Cifrado César",
    "track": "js",
    "version": "1.0.0",
  },
]
`;

exports[`Project should fail to save when project/version already exists 1`] = `"E11000 duplicate key error dup key: { : \\"cipher-bar\\", : \\"1.0.0\\" }"`;
