// Jest Snapshot v1, https://goo.gl/fbAQLP

exports[`AcademicProfileCommentSchema should fail validation when missing fields are provided 1`] = `
Object {
  "cohortProject": [ValidatorError: Path \`cohortProject\` is required.],
  "createdBy": [ValidatorError: Path \`createdBy\` is required.],
  "text": [ValidatorError: Path \`text\` is required.],
  "type": [ValidatorError: Path \`type\` is required.],
}
`;
