// Jest Snapshot v1, https://goo.gl/fbAQLP

exports[`AcademicProfileSchema should fail with empty embedded documents 1`] = `[ValidationError: Validation failed: tags.0.assignmentReason: Path \`assignmentReason\` is required., tags.0.tag: Path \`tag\` is required., tags.0.createdBy: Path \`createdBy\` is required., comments.0.text: Path \`text\` is required., comments.0.type: Path \`type\` is required., comments.0.cohortProject: Path \`cohortProject\` is required., comments.0.createdBy: Path \`createdBy\` is required.]`;
