// Jest Snapshot v1, https://goo.gl/fbAQLP

exports[`FeedbackSchema should fail validation when missing fields are provided 1`] = `
Object {
  "cohortMembership": [ValidatorError: Path \`cohortMembership\` is required.],
  "cohortProject": [ValidatorError: Path \`cohortProject\` is required.],
  "createdBy": [ValidatorError: Path \`createdBy\` is required.],
  "reviewerSurvey": [ValidatorError: Path \`reviewerSurvey\` is required.],
}
`;
